Archive member included to satisfy reference by file (symbol)

C:/ENVIRO~1/ARM-NO~1/133167~1.3RE/bin/../lib/gcc/arm-none-eabi/13.3.1/thumb/v7-m/nofp\libgcc.a(_arm_mulsf3.o)
                              CMakeFiles/project1.elf.dir/Core/Src/OLED.c.obj (__aeabi_fmul)
C:/ENVIRO~1/ARM-NO~1/133167~1.3RE/bin/../lib/gcc/arm-none-eabi/13.3.1/thumb/v7-m/nofp\libgcc.a(_arm_addsubsf3.o)
                              CMakeFiles/project1.elf.dir/Core/Src/OLED.c.obj (__aeabi_fsub)
C:/ENVIRO~1/ARM-NO~1/133167~1.3RE/bin/../lib/gcc/arm-none-eabi/13.3.1/thumb/v7-m/nofp\libgcc.a(_arm_cmpsf2.o)
                              CMakeFiles/project1.elf.dir/Core/Src/OLED.c.obj (__aeabi_fcmplt)
C:/ENVIRO~1/ARM-NO~1/133167~1.3RE/bin/../lib/gcc/arm-none-eabi/13.3.1/thumb/v7-m/nofp\libgcc.a(_arm_fixsfsi.o)
                              CMakeFiles/project1.elf.dir/Core/Src/OLED.c.obj (__aeabi_f2iz)
C:/ENVIRO~1/ARM-NO~1/133167~1.3RE/bin/../lib/gcc/arm-none-eabi/13.3.1/thumb/v7-m/nofp\libg.a(libc_a-exit.o)
                              C:/ENVIRO~1/ARM-NO~1/133167~1.3RE/bin/../lib/gcc/arm-none-eabi/13.3.1/thumb/v7-m/nofp/crt0.o (exit)
C:/ENVIRO~1/ARM-NO~1/133167~1.3RE/bin/../lib/gcc/arm-none-eabi/13.3.1/thumb/v7-m/nofp\libg.a(libc_a-findfp.o)
                              C:/ENVIRO~1/ARM-NO~1/133167~1.3RE/bin/../lib/gcc/arm-none-eabi/13.3.1/thumb/v7-m/nofp\libg.a(libc_a-exit.o) (__stdio_exit_handler)
C:/ENVIRO~1/ARM-NO~1/133167~1.3RE/bin/../lib/gcc/arm-none-eabi/13.3.1/thumb/v7-m/nofp\libg.a(libc_a-fwalk.o)
                              C:/ENVIRO~1/ARM-NO~1/133167~1.3RE/bin/../lib/gcc/arm-none-eabi/13.3.1/thumb/v7-m/nofp\libg.a(libc_a-findfp.o) (_fwalk_sglue)
C:/ENVIRO~1/ARM-NO~1/133167~1.3RE/bin/../lib/gcc/arm-none-eabi/13.3.1/thumb/v7-m/nofp\libg.a(libc_a-stdio.o)
                              C:/ENVIRO~1/ARM-NO~1/133167~1.3RE/bin/../lib/gcc/arm-none-eabi/13.3.1/thumb/v7-m/nofp\libg.a(libc_a-findfp.o) (__sread)
C:/ENVIRO~1/ARM-NO~1/133167~1.3RE/bin/../lib/gcc/arm-none-eabi/13.3.1/thumb/v7-m/nofp\libg.a(libc_a-memset.o)
                              C:/ENVIRO~1/ARM-NO~1/133167~1.3RE/bin/../lib/gcc/arm-none-eabi/13.3.1/thumb/v7-m/nofp/crt0.o (memset)
C:/ENVIRO~1/ARM-NO~1/133167~1.3RE/bin/../lib/gcc/arm-none-eabi/13.3.1/thumb/v7-m/nofp\libg.a(libc_a-closer.o)
                              C:/ENVIRO~1/ARM-NO~1/133167~1.3RE/bin/../lib/gcc/arm-none-eabi/13.3.1/thumb/v7-m/nofp\libg.a(libc_a-stdio.o) (_close_r)
C:/ENVIRO~1/ARM-NO~1/133167~1.3RE/bin/../lib/gcc/arm-none-eabi/13.3.1/thumb/v7-m/nofp\libg.a(libc_a-reent.o)
                              C:/ENVIRO~1/ARM-NO~1/133167~1.3RE/bin/../lib/gcc/arm-none-eabi/13.3.1/thumb/v7-m/nofp\libg.a(libc_a-closer.o) (errno)
C:/ENVIRO~1/ARM-NO~1/133167~1.3RE/bin/../lib/gcc/arm-none-eabi/13.3.1/thumb/v7-m/nofp\libg.a(libc_a-impure.o)
                              C:/ENVIRO~1/ARM-NO~1/133167~1.3RE/bin/../lib/gcc/arm-none-eabi/13.3.1/thumb/v7-m/nofp\libg.a(libc_a-reent.o) (_impure_ptr)
C:/ENVIRO~1/ARM-NO~1/133167~1.3RE/bin/../lib/gcc/arm-none-eabi/13.3.1/thumb/v7-m/nofp\libg.a(libc_a-lseekr.o)
                              C:/ENVIRO~1/ARM-NO~1/133167~1.3RE/bin/../lib/gcc/arm-none-eabi/13.3.1/thumb/v7-m/nofp\libg.a(libc_a-stdio.o) (_lseek_r)
C:/ENVIRO~1/ARM-NO~1/133167~1.3RE/bin/../lib/gcc/arm-none-eabi/13.3.1/thumb/v7-m/nofp\libg.a(libc_a-readr.o)
                              C:/ENVIRO~1/ARM-NO~1/133167~1.3RE/bin/../lib/gcc/arm-none-eabi/13.3.1/thumb/v7-m/nofp\libg.a(libc_a-stdio.o) (_read_r)
C:/ENVIRO~1/ARM-NO~1/133167~1.3RE/bin/../lib/gcc/arm-none-eabi/13.3.1/thumb/v7-m/nofp\libg.a(libc_a-writer.o)
                              C:/ENVIRO~1/ARM-NO~1/133167~1.3RE/bin/../lib/gcc/arm-none-eabi/13.3.1/thumb/v7-m/nofp\libg.a(libc_a-stdio.o) (_write_r)
C:/ENVIRO~1/ARM-NO~1/133167~1.3RE/bin/../lib/gcc/arm-none-eabi/13.3.1/thumb/v7-m/nofp\libg.a(libc_a-errno.o)
                              CMakeFiles/project1.elf.dir/Core/Src/syscalls.c.obj (__errno)
C:/ENVIRO~1/ARM-NO~1/133167~1.3RE/bin/../lib/gcc/arm-none-eabi/13.3.1/thumb/v7-m/nofp\libg.a(libc_a-init.o)
                              C:/ENVIRO~1/ARM-NO~1/133167~1.3RE/bin/../lib/gcc/arm-none-eabi/13.3.1/thumb/v7-m/nofp/crt0.o (__libc_init_array)
C:/ENVIRO~1/ARM-NO~1/133167~1.3RE/bin/../lib/gcc/arm-none-eabi/13.3.1/thumb/v7-m/nofp\libg.a(libc_a-lock.o)
                              C:/ENVIRO~1/ARM-NO~1/133167~1.3RE/bin/../lib/gcc/arm-none-eabi/13.3.1/thumb/v7-m/nofp\libg.a(libc_a-findfp.o) (__retarget_lock_init_recursive)
C:/ENVIRO~1/ARM-NO~1/133167~1.3RE/bin/../lib/gcc/arm-none-eabi/13.3.1/thumb/v7-m/nofp\libg.a(libc_a-__call_atexit.o)
                              C:/ENVIRO~1/ARM-NO~1/133167~1.3RE/bin/../lib/gcc/arm-none-eabi/13.3.1/thumb/v7-m/nofp\libg.a(libc_a-exit.o) (__call_exitprocs)
C:/ENVIRO~1/ARM-NO~1/133167~1.3RE/bin/../lib/gcc/arm-none-eabi/13.3.1/thumb/v7-m/nofp\libg.a(libc_a-atexit.o)
                              C:/ENVIRO~1/ARM-NO~1/133167~1.3RE/bin/../lib/gcc/arm-none-eabi/13.3.1/thumb/v7-m/nofp\libg.a(libc_a-__call_atexit.o) (atexit)
[...]
Memory Configuration

Name             Origin             Length             Attributes
RAM              0x20000000         0x00005000         xrw
FLASH            0x08000000         0x00010000         xr
*default*        0x00000000         0xffffffff

Linker script and memory map

LOAD C:/ENVIRO~1/ARM-NO~1/133167~1.3RE/bin/../lib/gcc/arm-none-eabi/13.3.1/thumb/v7-m/nofp/crti.o
LOAD C:/ENVIRO~1/ARM-NO~1/133167~1.3RE/bin/../lib/gcc/arm-none-eabi/13.3.1/thumb/v7-m/nofp/crtbegin.o
LOAD C:/ENVIRO~1/ARM-NO~1/133167~1.3RE/bin/../lib/gcc/arm-none-eabi/13.3.1/thumb/v7-m/nofp/crt0.o
LOAD CMakeFiles/project1.elf.dir/Core/Src/OLED.c.obj
LOAD CMakeFiles/project1.elf.dir/Core/Src/gpio.c.obj
LOAD CMakeFiles/project1.elf.dir/Core/Src/i2c.c.obj
LOAD CMakeFiles/project1.elf.dir/Core/Src/main.c.obj
LOAD CMakeFiles/project1.elf.dir/Core/Src/oledfont.c.obj
LOAD CMakeFiles/project1.elf.dir/Core/Src/stm32f1xx_hal_msp.c.obj
LOAD CMakeFiles/project1.elf.dir/Core/Src/stm32f1xx_it.c.obj
LOAD CMakeFiles/project1.elf.dir/Core/Src/syscalls.c.obj
LOAD CMakeFiles/project1.elf.dir/Core/Src/sysmem.c.obj
LOAD CMakeFiles/project1.elf.dir/Core/Src/system_stm32f1xx.c.obj
LOAD CMakeFiles/project1.elf.dir/Core/Src/tim.c.obj
LOAD CMakeFiles/project1.elf.dir/Core/Startup/startup_stm32f103c8tx.s.obj
LOAD CMakeFiles/project1.elf.dir/Drivers/STM32F1xx_HAL_Driver/Src/stm32f1xx_hal.c.obj
LOAD CMakeFiles/project1.elf.dir/Drivers/STM32F1xx_HAL_Driver/Src/stm32f1xx_hal_cortex.c.obj
LOAD CMakeFiles/project1.elf.dir/Drivers/STM32F1xx_HAL_Driver/Src/stm32f1xx_hal_dma.c.obj
LOAD CMakeFiles/project1.elf.dir/Drivers/STM32F1xx_HAL_Driver/Src/stm32f1xx_hal_exti.c.obj
LOAD CMakeFiles/project1.elf.dir/Drivers/STM32F1xx_HAL_Driver/Src/stm32f1xx_hal_flash.c.obj
LOAD CMakeFiles/project1.elf.dir/Drivers/STM32F1xx_HAL_Driver/Src/stm32f1xx_hal_flash_ex.c.obj
LOAD CMakeFiles/project1.elf.dir/Drivers/STM32F1xx_HAL_Driver/Src/stm32f1xx_hal_gpio.c.obj
LOAD CMakeFiles/project1.elf.dir/Drivers/STM32F1xx_HAL_Driver/Src/stm32f1xx_hal_gpio_ex.c.obj
LOAD CMakeFiles/project1.elf.dir/Drivers/STM32F1xx_HAL_Driver/Src/stm32f1xx_hal_i2c.c.obj
LOAD CMakeFiles/project1.elf.dir/Drivers/STM32F1xx_HAL_Driver/Src/stm32f1xx_hal_pwr.c.obj
LOAD CMakeFiles/project1.elf.dir/Drivers/STM32F1xx_HAL_Driver/Src/stm32f1xx_hal_rcc.c.obj
LOAD CMakeFiles/project1.elf.dir/Drivers/STM32F1xx_HAL_Driver/Src/stm32f1xx_hal_rcc_ex.c.obj
LOAD CMakeFiles/project1.elf.dir/Drivers/STM32F1xx_HAL_Driver/Src/stm32f1xx_hal_tim.c.obj
LOAD CMakeFiles/project1.elf.dir/Drivers/STM32F1xx_HAL_Driver/Src/stm32f1xx_hal_tim_ex.c.obj
START GROUP
LOAD C:/ENVIRO~1/ARM-NO~1/133167~1.3RE/bin/../lib/gcc/arm-none-eabi/13.3.1/thumb/v7-m/nofp\libgcc.a
LOAD C:/ENVIRO~1/ARM-NO~1/133167~1.3RE/bin/../lib/gcc/arm-none-eabi/13.3.1/thumb/v7-m/nofp\libg.a
LOAD C:/ENVIRO~1/ARM-NO~1/133167~1.3RE/bin/../lib/gcc/arm-none-eabi/13.3.1/thumb/v7-m/nofp\libc.a
END GROUP
LOAD C:/ENVIRO~1/ARM-NO~1/133167~1.3RE/bin/../lib/gcc/arm-none-eabi/13.3.1/thumb/v7-m/nofp/crtend.o
LOAD C:/ENVIRO~1/ARM-NO~1/133167~1.3RE/bin/../lib/gcc/arm-none-eabi/13.3.1/thumb/v7-m/nofp/crtn.o
                0x20005000                        _estack = (ORIGIN (RAM) + LENGTH (RAM))
                0x00000200                        _Min_Heap_Size = 0x200
                0x00000400                        _Min_Stack_Size = 0x400

.isr_vector     0x08000000      0x10c
                0x08000000                        . = ALIGN (0x4)
 *(.isr_vector)
 .isr_vector    0x08000000      0x10c CMakeFiles/project1.elf.dir/Core/Startup/startup_stm32f103c8tx.s.obj
                0x08000000                g_pfnVectors
                0x0800010c                        . = ALIGN (0x4)

.text           0x0800010c     0x29e8
                0x0800010c                        . = ALIGN (0x4)
 *(.text)
 *(.text*)
 .text.deregister_tm_clones
                0x0800010c       0x1c C:/ENVIRO~1/ARM-NO~1/133167~1.3RE/bin/../lib/gcc/arm-none-eabi/13.3.1/thumb/v7-m/nofp/crtbegin.o
 .text.register_tm_clones
                0x08000128       0x24 C:/ENVIRO~1/ARM-NO~1/133167~1.3RE/bin/../lib/gcc/arm-none-eabi/13.3.1/thumb/v7-m/nofp/crtbegin.o
 .text.__do_global_dtors_aux
                0x0800014c       0x28 C:/ENVIRO~1/ARM-NO~1/133167~1.3RE/bin/../lib/gcc/arm-none-eabi/13.3.1/thumb/v7-m/nofp/crtbegin.o
 .text.frame_dummy
                0x08000174       0x24 C:/ENVIRO~1/ARM-NO~1/133167~1.3RE/bin/../lib/gcc/arm-none-eabi/13.3.1/thumb/v7-m/nofp/crtbegin.o
 .text.OLED_WR_CMD
                0x08000198       0x2c CMakeFiles/project1.elf.dir/Core/Src/OLED.c.obj
                0x08000198                OLED_WR_CMD
 .text.OLED_Init
                0x080001c4       0x24 CMakeFiles/project1.elf.dir/Core/Src/OLED.c.obj
                0x080001c4                OLED_Init
 .text.OLED_WR_DATA
                0x080001e8       0x2c CMakeFiles/project1.elf.dir/Core/Src/OLED.c.obj
                0x080001e8                OLED_WR_DATA
 .text.OLED_Clear
                0x08000214       0x3a CMakeFiles/project1.elf.dir/Core/Src/OLED.c.obj
                0x08000214                OLED_Clear
 .text.OLED_Set_Pos
                0x0800024e       0x22 CMakeFiles/project1.elf.dir/Core/Src/OLED.c.obj
                0x0800024e                OLED_Set_Pos
 .text.oled_pow
                0x08000270       0x16 CMakeFiles/project1.elf.dir/Core/Src/OLED.c.obj
                0x08000270                oled_pow
 *fill*         0x08000286        0x2 
 .text.OLED_ShowChar
                0x08000288       0xe0 CMakeFiles/project1.elf.dir/Core/Src/OLED.c.obj
                0x08000288                OLED_ShowChar
 .text.OLED_ShowString
                0x08000368       0x66 CMakeFiles/project1.elf.dir/Core/Src/OLED.c.obj
                0x08000368                OLED_ShowString
 *fill*         0x080003ce        0x2 
 .text.OLED_ShowNum
                0x080003d0       0x9c CMakeFiles/project1.elf.dir/Core/Src/OLED.c.obj
                0x080003d0                OLED_ShowNum
 .text.MX_GPIO_Init
                0x0800046c       0xdc CMakeFiles/project1.elf.dir/Core/Src/gpio.c.obj
                0x0800046c                MX_GPIO_Init
 .text.MX_I2C1_Init
                0x08000548       0x3c CMakeFiles/project1.elf.dir/Core/Src/i2c.c.obj
                0x08000548                MX_I2C1_Init
 .text.HAL_I2C_MspInit
                0x08000584       0x78 CMakeFiles/project1.elf.dir/Core/Src/i2c.c.obj
                0x08000584                HAL_I2C_MspInit
 .text.Error_Handler
                0x080005fc        0x4 CMakeFiles/project1.elf.dir/Core/Src/main.c.obj
                0x080005fc                Error_Handler
 .text.SystemClock_Config
                0x08000600       0x64 CMakeFiles/project1.elf.dir/Core/Src/main.c.obj
                0x08000600                SystemClock_Config
 .text.main     0x08000664      0x948 CMakeFiles/project1.elf.dir/Core/Src/main.c.obj
                0x08000664                main
 .text.HAL_MspInit
                0x08000fac       0x44 CMakeFiles/project1.elf.dir/Core/Src/stm32f1xx_hal_msp.c.obj
                0x08000fac                HAL_MspInit
 .text.NMI_Handler
                0x08000ff0        0x2 CMakeFiles/project1.elf.dir/Core/Src/stm32f1xx_it.c.obj
                0x08000ff0                NMI_Handler
 .text.HardFault_Handler
                0x08000ff2        0x2 CMakeFiles/project1.elf.dir/Core/Src/stm32f1xx_it.c.obj
                0x08000ff2                HardFault_Handler
 .text.MemManage_Handler
                0x08000ff4        0x2 CMakeFiles/project1.elf.dir/Core/Src/stm32f1xx_it.c.obj
                0x08000ff4                MemManage_Handler
 .text.BusFault_Handler
                0x08000ff6        0x2 CMakeFiles/project1.elf.dir/Core/Src/stm32f1xx_it.c.obj
                0x08000ff6                BusFault_Handler
 .text.UsageFault_Handler
                0x08000ff8        0x2 CMakeFiles/project1.elf.dir/Core/Src/stm32f1xx_it.c.obj
                0x08000ff8                UsageFault_Handler
 .text.SVC_Handler
                0x08000ffa        0x2 CMakeFiles/project1.elf.dir/Core/Src/stm32f1xx_it.c.obj
                0x08000ffa                SVC_Handler
 .text.DebugMon_Handler
                0x08000ffc        0x2 CMakeFiles/project1.elf.dir/Core/Src/stm32f1xx_it.c.obj
                0x08000ffc                DebugMon_Handler
 .text.PendSV_Handler
                0x08000ffe        0x2 CMakeFiles/project1.elf.dir/Core/Src/stm32f1xx_it.c.obj
                0x08000ffe                PendSV_Handler
 .text.SysTick_Handler
                0x08001000        0x8 CMakeFiles/project1.elf.dir/Core/Src/stm32f1xx_it.c.obj
                0x08001000                SysTick_Handler
 .text.SystemInit
                0x08001008        0x2 CMakeFiles/project1.elf.dir/Core/Src/system_stm32f1xx.c.obj
                0x08001008                SystemInit
 *fill*         0x0800100a        0x2 
 .text.MX_TIM3_Init
                0x0800100c       0x70 CMakeFiles/project1.elf.dir/Core/Src/tim.c.obj
                0x0800100c                MX_TIM3_Init
 .text.HAL_TIM_Base_MspInit
                0x0800107c       0x4c CMakeFiles/project1.elf.dir/Core/Src/tim.c.obj
                0x0800107c                HAL_TIM_Base_MspInit
 .text.HAL_TIM_MspPostInit
                0x080010c8       0x48 CMakeFiles/project1.elf.dir/Core/Src/tim.c.obj
                0x080010c8                HAL_TIM_MspPostInit
 .text.MX_TIM2_Init
                0x08001110       0xb0 CMakeFiles/project1.elf.dir/Core/Src/tim.c.obj
                0x08001110                MX_TIM2_Init
 .text.Reset_Handler
                0x080011c0       0x48 CMakeFiles/project1.elf.dir/Core/Startup/startup_stm32f103c8tx.s.obj
                0x080011c0                Reset_Handler
 .text.Default_Handler
                0x08001208        0x2 CMakeFiles/project1.elf.dir/Core/Startup/startup_stm32f103c8tx.s.obj
                0x08001208                RTC_Alarm_IRQHandler
                0x08001208                EXTI2_IRQHandler
                0x08001208                TIM1_CC_IRQHandler
                0x08001208                PVD_IRQHandler
                0x08001208                EXTI3_IRQHandler
                0x08001208                EXTI0_IRQHandler
                0x08001208                I2C2_EV_IRQHandler
                0x08001208                ADC1_2_IRQHandler
                0x08001208                SPI1_IRQHandler
                0x08001208                TAMPER_IRQHandler
                0x08001208                DMA1_Channel4_IRQHandler
                0x08001208                USART3_IRQHandler
                0x08001208                RTC_IRQHandler
                0x08001208                DMA1_Channel7_IRQHandler
                0x08001208                CAN1_RX1_IRQHandler
                0x08001208                TIM4_IRQHandler
                0x08001208                I2C1_EV_IRQHandler
                0x08001208                DMA1_Channel6_IRQHandler
                0x08001208                TIM3_IRQHandler
                0x08001208                RCC_IRQHandler
                0x08001208                TIM1_TRG_COM_IRQHandler
                0x08001208                DMA1_Channel1_IRQHandler
                0x08001208                Default_Handler
                0x08001208                EXTI15_10_IRQHandler
                0x08001208                EXTI9_5_IRQHandler
                0x08001208                SPI2_IRQHandler
                0x08001208                DMA1_Channel5_IRQHandler
                0x08001208                EXTI4_IRQHandler
                0x08001208                USB_LP_CAN1_RX0_IRQHandler
                0x08001208                USB_HP_CAN1_TX_IRQHandler
                0x08001208                DMA1_Channel3_IRQHandler
                0x08001208                TIM1_UP_IRQHandler
                0x08001208                WWDG_IRQHandler
                0x08001208                TIM2_IRQHandler
                0x08001208                TIM1_BRK_IRQHandler
                0x08001208                EXTI1_IRQHandler
                0x08001208                USART2_IRQHandler
                0x08001208                I2C2_ER_IRQHandler
                0x08001208                DMA1_Channel2_IRQHandler
                0x08001208                CAN1_SCE_IRQHandler
                0x08001208                FLASH_IRQHandler
                0x08001208                USART1_IRQHandler
                0x08001208                I2C1_ER_IRQHandler
                0x08001208                USBWakeUp_IRQHandler
 *fill*         0x0800120a        0x2 
 .text.HAL_InitTick
                0x0800120c       0x4c CMakeFiles/project1.elf.dir/Drivers/STM32F1xx_HAL_Driver/Src/stm32f1xx_hal.c.obj
                0x0800120c                HAL_InitTick
 .text.HAL_Init
                0x08001258       0x24 CMakeFiles/project1.elf.dir/Drivers/STM32F1xx_HAL_Driver/Src/stm32f1xx_hal.c.obj
                0x08001258                HAL_Init
 .text.HAL_IncTick
                0x0800127c       0x18 CMakeFiles/project1.elf.dir/Drivers/STM32F1xx_HAL_Driver/Src/stm32f1xx_hal.c.obj
                0x0800127c                HAL_IncTick
 .text.HAL_GetTick
                0x08001294        0xc CMakeFiles/project1.elf.dir/Drivers/STM32F1xx_HAL_Driver/Src/stm32f1xx_hal.c.obj
                0x08001294                HAL_GetTick
 .text.HAL_Delay
                0x080012a0       0x28 CMakeFiles/project1.elf.dir/Drivers/STM32F1xx_HAL_Driver/Src/stm32f1xx_hal.c.obj
                0x080012a0                HAL_Delay
 .text.__NVIC_SetPriority
                0x080012c8       0x28 CMakeFiles/project1.elf.dir/Drivers/STM32F1xx_HAL_Driver/Src/stm32f1xx_hal_cortex.c.obj
 .text.NVIC_EncodePriority
                0x080012f0       0x3e CMakeFiles/project1.elf.dir/Drivers/STM32F1xx_HAL_Driver/Src/stm32f1xx_hal_cortex.c.obj
 *fill*         0x0800132e        0x2 
 .text.HAL_NVIC_SetPriorityGrouping
                0x08001330       0x24 CMakeFiles/project1.elf.dir/Drivers/STM32F1xx_HAL_Driver/Src/stm32f1xx_hal_cortex.c.obj
                0x08001330                HAL_NVIC_SetPriorityGrouping
 .text.HAL_NVIC_SetPriority
                0x08001354       0x20 CMakeFiles/project1.elf.dir/Drivers/STM32F1xx_HAL_Driver/Src/stm32f1xx_hal_cortex.c.obj
                0x08001354                HAL_NVIC_SetPriority
 .text.HAL_SYSTICK_Config
                0x08001374       0x28 CMakeFiles/project1.elf.dir/Drivers/STM32F1xx_HAL_Driver/Src/stm32f1xx_hal_cortex.c.obj
                0x08001374                HAL_SYSTICK_Config
 .text.HAL_GPIO_Init
                0x0800139c      0x21c CMakeFiles/project1.elf.dir/Drivers/STM32F1xx_HAL_Driver/Src/stm32f1xx_hal_gpio.c.obj
                0x0800139c                HAL_GPIO_Init
 .text.HAL_GPIO_ReadPin
                0x080015b8        0xe CMakeFiles/project1.elf.dir/Drivers/STM32F1xx_HAL_Driver/Src/stm32f1xx_hal_gpio.c.obj
                0x080015b8                HAL_GPIO_ReadPin
 .text.HAL_GPIO_WritePin
                0x080015c6        0xc CMakeFiles/project1.elf.dir/Drivers/STM32F1xx_HAL_Driver/Src/stm32f1xx_hal_gpio.c.obj
                0x080015c6                HAL_GPIO_WritePin
 .text.HAL_GPIO_TogglePin
                0x080015d2       0x12 CMakeFiles/project1.elf.dir/Drivers/STM32F1xx_HAL_Driver/Src/stm32f1xx_hal_gpio.c.obj
                0x080015d2                HAL_GPIO_TogglePin
 .text.I2C_IsAcknowledgeFailed
                0x080015e4       0x32 CMakeFiles/project1.elf.dir/Drivers/STM32F1xx_HAL_Driver/Src/stm32f1xx_hal_i2c.c.obj
 .text.I2C_WaitOnFlagUntilTimeout
                0x08001616       0xaa CMakeFiles/project1.elf.dir/Drivers/STM32F1xx_HAL_Driver/Src/stm32f1xx_hal_i2c.c.obj
 .text.I2C_WaitOnMasterAddressFlagUntilTimeout
                0x080016c0       0xd6 CMakeFiles/project1.elf.dir/Drivers/STM32F1xx_HAL_Driver/Src/stm32f1xx_hal_i2c.c.obj
 .text.I2C_WaitOnTXEFlagUntilTimeout
                0x08001796       0x5e CMakeFiles/project1.elf.dir/Drivers/STM32F1xx_HAL_Driver/Src/stm32f1xx_hal_i2c.c.obj
 .text.I2C_RequestMemoryWrite
                0x080017f4       0xd8 CMakeFiles/project1.elf.dir/Drivers/STM32F1xx_HAL_Driver/Src/stm32f1xx_hal_i2c.c.obj
 .text.I2C_WaitOnBTFFlagUntilTimeout
                0x080018cc       0x5e CMakeFiles/project1.elf.dir/Drivers/STM32F1xx_HAL_Driver/Src/stm32f1xx_hal_i2c.c.obj
 *fill*         0x0800192a        0x2 
 .text.HAL_I2C_Init
                0x0800192c      0x1bc CMakeFiles/project1.elf.dir/Drivers/STM32F1xx_HAL_Driver/Src/stm32f1xx_hal_i2c.c.obj
                0x0800192c                HAL_I2C_Init
 .text.HAL_I2C_Mem_Write
                0x08001ae8      0x164 CMakeFiles/project1.elf.dir/Drivers/STM32F1xx_HAL_Driver/Src/stm32f1xx_hal_i2c.c.obj
                0x08001ae8                HAL_I2C_Mem_Write
 .text.RCC_Delay
                0x08001c4c       0x2c CMakeFiles/project1.elf.dir/Drivers/STM32F1xx_HAL_Driver/Src/stm32f1xx_hal_rcc.c.obj
 .text.HAL_RCC_OscConfig
                0x08001c78      0x410 CMakeFiles/project1.elf.dir/Drivers/STM32F1xx_HAL_Driver/Src/stm32f1xx_hal_rcc.c.obj
                0x08001c78                HAL_RCC_OscConfig
 .text.HAL_RCC_GetSysClockFreq
                0x08002088       0x54 CMakeFiles/project1.elf.dir/Drivers/STM32F1xx_HAL_Driver/Src/stm32f1xx_hal_rcc.c.obj
                0x08002088                HAL_RCC_GetSysClockFreq
 .text.HAL_RCC_ClockConfig
                0x080020dc      0x16c CMakeFiles/project1.elf.dir/Drivers/STM32F1xx_HAL_Driver/Src/stm32f1xx_hal_rcc.c.obj
                0x080020dc                HAL_RCC_ClockConfig
 .text.HAL_RCC_GetHCLKFreq
                0x08002248        0xc CMakeFiles/project1.elf.dir/Drivers/STM32F1xx_HAL_Driver/Src/stm32f1xx_hal_rcc.c.obj
                0x08002248                HAL_RCC_GetHCLKFreq
 .text.HAL_RCC_GetPCLK1Freq
                0x08002254       0x20 CMakeFiles/project1.elf.dir/Drivers/STM32F1xx_HAL_Driver/Src/stm32f1xx_hal_rcc.c.obj
                0x08002254                HAL_RCC_GetPCLK1Freq
 .text.TIM_OC1_SetConfig
                0x08002274       0x54 CMakeFiles/project1.elf.dir/Drivers/STM32F1xx_HAL_Driver/Src/stm32f1xx_hal_tim.c.obj
 .text.TIM_OC3_SetConfig
                0x080022c8       0x5c CMakeFiles/project1.elf.dir/Drivers/STM32F1xx_HAL_Driver/Src/stm32f1xx_hal_tim.c.obj
 .text.TIM_OC4_SetConfig
                0x08002324       0x48 CMakeFiles/project1.elf.dir/Drivers/STM32F1xx_HAL_Driver/Src/stm32f1xx_hal_tim.c.obj
 .text.TIM_TI1_ConfigInputStage
                0x0800236c       0x24 CMakeFiles/project1.elf.dir/Drivers/STM32F1xx_HAL_Driver/Src/stm32f1xx_hal_tim.c.obj
 .text.TIM_TI2_ConfigInputStage
                0x08002390       0x26 CMakeFiles/project1.elf.dir/Drivers/STM32F1xx_HAL_Driver/Src/stm32f1xx_hal_tim.c.obj
 .text.TIM_ITRx_SetConfig
                0x080023b6       0x10 CMakeFiles/project1.elf.dir/Drivers/STM32F1xx_HAL_Driver/Src/stm32f1xx_hal_tim.c.obj
 *fill*         0x080023c6        0x2 
 .text.HAL_TIM_Base_Start_IT
                0x080023c8       0x68 CMakeFiles/project1.elf.dir/Drivers/STM32F1xx_HAL_Driver/Src/stm32f1xx_hal_tim.c.obj
                0x080023c8                HAL_TIM_Base_Start_IT
 .text.HAL_TIM_PWM_MspInit
                0x08002430        0x2 CMakeFiles/project1.elf.dir/Drivers/STM32F1xx_HAL_Driver/Src/stm32f1xx_hal_tim.c.obj
                0x08002430                HAL_TIM_PWM_MspInit
 *fill*         0x08002432        0x2 
 .text.TIM_Base_SetConfig
                0x08002434       0x84 CMakeFiles/project1.elf.dir/Drivers/STM32F1xx_HAL_Driver/Src/stm32f1xx_hal_tim.c.obj
                0x08002434                TIM_Base_SetConfig
 .text.HAL_TIM_Base_Init
                0x080024b8       0x58 CMakeFiles/project1.elf.dir/Drivers/STM32F1xx_HAL_Driver/Src/stm32f1xx_hal_tim.c.obj
                0x080024b8                HAL_TIM_Base_Init
 .text.HAL_TIM_PWM_Init
                0x08002510       0x58 CMakeFiles/project1.elf.dir/Drivers/STM32F1xx_HAL_Driver/Src/stm32f1xx_hal_tim.c.obj
                0x08002510                HAL_TIM_PWM_Init
 .text.TIM_OC2_SetConfig
                0x08002568       0x5c CMakeFiles/project1.elf.dir/Drivers/STM32F1xx_HAL_Driver/Src/stm32f1xx_hal_tim.c.obj
                0x08002568                TIM_OC2_SetConfig
 .text.HAL_TIM_PWM_ConfigChannel
                0x080025c4       0xdc CMakeFiles/project1.elf.dir/Drivers/STM32F1xx_HAL_Driver/Src/stm32f1xx_hal_tim.c.obj
                0x080025c4                HAL_TIM_PWM_ConfigChannel
 .text.TIM_ETR_SetConfig
                0x080026a0       0x18 CMakeFiles/project1.elf.dir/Drivers/STM32F1xx_HAL_Driver/Src/stm32f1xx_hal_tim.c.obj
                0x080026a0                TIM_ETR_SetConfig
 .text.HAL_TIM_ConfigClockSource
                0x080026b8       0xfe CMakeFiles/project1.elf.dir/Drivers/STM32F1xx_HAL_Driver/Src/stm32f1xx_hal_tim.c.obj
                0x080026b8                HAL_TIM_ConfigClockSource
 .text.TIM_CCxChannelCmd
                0x080027b6       0x1e CMakeFiles/project1.elf.dir/Drivers/STM32F1xx_HAL_Driver/Src/stm32f1xx_hal_tim.c.obj
                0x080027b6                TIM_CCxChannelCmd
 .text.HAL_TIM_PWM_Start
                0x080027d4       0xdc CMakeFiles/project1.elf.dir/Drivers/STM32F1xx_HAL_Driver/Src/stm32f1xx_hal_tim.c.obj
                0x080027d4                HAL_TIM_PWM_Start
 .text.HAL_TIMEx_MasterConfigSynchronization
                0x080028b0       0x6c CMakeFiles/project1.elf.dir/Drivers/STM32F1xx_HAL_Driver/Src/stm32f1xx_hal_tim_ex.c.obj
                0x080028b0                HAL_TIMEx_MasterConfigSynchronization
 .text.memset   0x0800291c       0xa0 C:/ENVIRO~1/ARM-NO~1/133167~1.3RE/bin/../lib/gcc/arm-none-eabi/13.3.1/thumb/v7-m/nofp\libg.a(libc_a-memset.o)
                0x0800291c                memset
 .text.__libc_init_array
                0x080029bc       0x50 C:/ENVIRO~1/ARM-NO~1/133167~1.3RE/bin/../lib/gcc/arm-none-eabi/13.3.1/thumb/v7-m/nofp\libg.a(libc_a-init.o)
                0x080029bc                __libc_init_array
 .text.__retarget_lock_acquire_recursive
                0x08002a0c        0x4 C:/ENVIRO~1/ARM-NO~1/133167~1.3RE/bin/../lib/gcc/arm-none-eabi/13.3.1/thumb/v7-m/nofp\libg.a(libc_a-lock.o)
                0x08002a0c                __retarget_lock_acquire_recursive
 .text.__retarget_lock_release_recursive
                0x08002a10        0x4 C:/ENVIRO~1/ARM-NO~1/133167~1.3RE/bin/../lib/gcc/arm-none-eabi/13.3.1/thumb/v7-m/nofp\libg.a(libc_a-lock.o)
                0x08002a10                __retarget_lock_release_recursive
 .text.startup.register_fini
                0x08002a14       0x14 C:/ENVIRO~1/ARM-NO~1/133167~1.3RE/bin/../lib/gcc/arm-none-eabi/13.3.1/thumb/v7-m/nofp\libg.a(libc_a-__call_atexit.o)
 .text.atexit   0x08002a28        0xc C:/ENVIRO~1/ARM-NO~1/133167~1.3RE/bin/../lib/gcc/arm-none-eabi/13.3.1/thumb/v7-m/nofp\libg.a(libc_a-atexit.o)
                0x08002a28                atexit
 .text.__libc_fini_array
                0x08002a34       0x28 C:/ENVIRO~1/ARM-NO~1/133167~1.3RE/bin/../lib/gcc/arm-none-eabi/13.3.1/thumb/v7-m/nofp\libg.a(libc_a-fini.o)
                0x08002a34                __libc_fini_array
 .text.__register_exitproc
                0x08002a5c       0x80 C:/ENVIRO~1/ARM-NO~1/133167~1.3RE/bin/../lib/gcc/arm-none-eabi/13.3.1/thumb/v7-m/nofp\libg.a(libc_a-__atexit.o)
                0x08002a5c                __register_exitproc
 *(.glue_7)
 .glue_7        0x08002adc        0x0 linker stubs
 *(.glue_7t)
 .glue_7t       0x08002adc        0x0 linker stubs
 *(.eh_frame)
 .eh_frame      0x08002adc        0x0 C:/ENVIRO~1/ARM-NO~1/133167~1.3RE/bin/../lib/gcc/arm-none-eabi/13.3.1/thumb/v7-m/nofp/crtbegin.o
 *(.init)
 .init          0x08002adc        0x4 C:/ENVIRO~1/ARM-NO~1/133167~1.3RE/bin/../lib/gcc/arm-none-eabi/13.3.1/thumb/v7-m/nofp/crti.o
                0x08002adc                _init
 .init          0x08002ae0        0x8 C:/ENVIRO~1/ARM-NO~1/133167~1.3RE/bin/../lib/gcc/arm-none-eabi/13.3.1/thumb/v7-m/nofp/crtn.o
 *(.fini)
 .fini          0x08002ae8        0x4 C:/ENVIRO~1/ARM-NO~1/133167~1.3RE/bin/../lib/gcc/arm-none-eabi/13.3.1/thumb/v7-m/nofp/crti.o
                0x08002ae8                _fini
 .fini          0x08002aec        0x8 C:/ENVIRO~1/ARM-NO~1/133167~1.3RE/bin/../lib/gcc/arm-none-eabi/13.3.1/thumb/v7-m/nofp/crtn.o
                0x08002af4                        . = ALIGN (0x4)
                0x08002af4                        _etext = .

.vfp11_veneer   0x08002af4        0x0
 .vfp11_veneer  0x08002af4        0x0 linker stubs

.v4_bx          0x08002af4        0x0
 .v4_bx         0x08002af4        0x0 linker stubs

.iplt           0x08002af4        0x0
 .iplt          0x08002af4        0x0 C:/ENVIRO~1/ARM-NO~1/133167~1.3RE/bin/../lib/gcc/arm-none-eabi/13.3.1/thumb/v7-m/nofp/crtbegin.o

.rodata         0x08002af4      0x860
                0x08002af4                        . = ALIGN (0x4)
 *(.rodata)
 *(.rodata*)
 .rodata.main.str1.4
                0x08002af4       0x2c CMakeFiles/project1.elf.dir/Core/Src/main.c.obj
 .rodata.F8X16  0x08002b20      0x5e0 CMakeFiles/project1.elf.dir/Core/Src/oledfont.c.obj
                0x08002b20                F8X16
 .rodata.F6x8   0x08003100      0x228 CMakeFiles/project1.elf.dir/Core/Src/oledfont.c.obj
                0x08003100                F6x8
 .rodata.APBPrescTable
                0x08003328        0x8 CMakeFiles/project1.elf.dir/Core/Src/system_stm32f1xx.c.obj
                0x08003328                APBPrescTable
 .rodata.AHBPrescTable
                0x08003330       0x10 CMakeFiles/project1.elf.dir/Core/Src/system_stm32f1xx.c.obj
                0x08003330                AHBPrescTable
 .rodata.aPredivFactorTable.0
                0x08003340        0x2 CMakeFiles/project1.elf.dir/Drivers/STM32F1xx_HAL_Driver/Src/stm32f1xx_hal_rcc.c.obj
 *fill*         0x08003342        0x2 
 .rodata.aPLLMULFactorTable.1
                0x08003344       0x10 CMakeFiles/project1.elf.dir/Drivers/STM32F1xx_HAL_Driver/Src/stm32f1xx_hal_rcc.c.obj
                0x08003354                        . = ALIGN (0x4)

.ARM.extab      0x08003354        0x0
                0x08003354                        . = ALIGN (0x4)
 *(.ARM.extab* .gnu.linkonce.armextab.*)
                0x08003354                        . = ALIGN (0x4)

.ARM            0x08003354        0x0
                0x08003354                        . = ALIGN (0x4)
                0x08003354                        __exidx_start = .
 *(.ARM.exidx*)
                0x08003354                        __exidx_end = .
                0x08003354                        . = ALIGN (0x4)

.preinit_array  0x08003354        0x0
                0x08003354                        . = ALIGN (0x4)
                0x08003354                        PROVIDE (__preinit_array_start = .)
 *(.preinit_array*)
                0x08003354                        PROVIDE (__preinit_array_end = .)
                0x08003354                        . = ALIGN (0x4)

.init_array     0x08003354        0x8
                0x08003354                        . = ALIGN (0x4)
                0x08003354                        PROVIDE (__init_array_start = .)
 *(SORT_BY_NAME(.init_array.*))
 .init_array.00000
                0x08003354        0x4 C:/ENVIRO~1/ARM-NO~1/133167~1.3RE/bin/../lib/gcc/arm-none-eabi/13.3.1/thumb/v7-m/nofp\libg.a(libc_a-__call_atexit.o)
 *(.init_array*)
 .init_array    0x08003358        0x4 C:/ENVIRO~1/ARM-NO~1/133167~1.3RE/bin/../lib/gcc/arm-none-eabi/13.3.1/thumb/v7-m/nofp/crtbegin.o
                0x0800335c                        PROVIDE (__init_array_end = .)
                0x0800335c                        . = ALIGN (0x4)

.fini_array     0x0800335c        0x4
                0x0800335c                        . = ALIGN (0x4)
                0x0800335c                        PROVIDE (__fini_array_start = .)
 *(SORT_BY_NAME(.fini_array.*))
 *(.fini_array*)
 .fini_array    0x0800335c        0x4 C:/ENVIRO~1/ARM-NO~1/133167~1.3RE/bin/../lib/gcc/arm-none-eabi/13.3.1/thumb/v7-m/nofp/crtbegin.o
                0x08003360                        PROVIDE (__fini_array_end = .)
                0x08003360                        . = ALIGN (0x4)
                0x08003360                        _sidata = LOADADDR (.data)

.rel.dyn        0x08003360        0x0
 .rel.iplt      0x08003360        0x0 C:/ENVIRO~1/ARM-NO~1/133167~1.3RE/bin/../lib/gcc/arm-none-eabi/13.3.1/thumb/v7-m/nofp/crtbegin.o

.data           0x20000000       0x28 load address 0x08003360
                0x20000000                        . = ALIGN (0x4)
                0x20000000                        _sdata = .
 *(.data)
 *(.data*)
 .data.CMD_Data
                0x20000000       0x17 CMakeFiles/project1.elf.dir/Core/Src/OLED.c.obj
                0x20000000                CMD_Data
 *fill*         0x20000017        0x1 
 .data.SystemCoreClock
                0x20000018        0x4 CMakeFiles/project1.elf.dir/Core/Src/system_stm32f1xx.c.obj
                0x20000018                SystemCoreClock
 .data.uwTickFreq
                0x2000001c        0x1 CMakeFiles/project1.elf.dir/Drivers/STM32F1xx_HAL_Driver/Src/stm32f1xx_hal.c.obj
                0x2000001c                uwTickFreq
 *fill*         0x2000001d        0x3 
 .data.uwTickPrio
                0x20000020        0x4 CMakeFiles/project1.elf.dir/Drivers/STM32F1xx_HAL_Driver/Src/stm32f1xx_hal.c.obj
                0x20000020                uwTickPrio
 .data.__atexit_recursive_mutex
                0x20000024        0x4 C:/ENVIRO~1/ARM-NO~1/133167~1.3RE/bin/../lib/gcc/arm-none-eabi/13.3.1/thumb/v7-m/nofp\libg.a(libc_a-__call_atexit.o)
                0x20000024                __atexit_recursive_mutex
 *(.RamFunc)
 *(.RamFunc*)
                0x20000028                        . = ALIGN (0x4)
                0x20000028                        _edata = .

.tm_clone_table
                0x20000028        0x0 load address 0x08003388
 .tm_clone_table
                0x20000028        0x0 C:/ENVIRO~1/ARM-NO~1/133167~1.3RE/bin/../lib/gcc/arm-none-eabi/13.3.1/thumb/v7-m/nofp/crtbegin.o
 .tm_clone_table
                0x20000028        0x0 C:/ENVIRO~1/ARM-NO~1/133167~1.3RE/bin/../lib/gcc/arm-none-eabi/13.3.1/thumb/v7-m/nofp/crtend.o

.igot.plt       0x20000028        0x0 load address 0x08003388
 .igot.plt      0x20000028        0x0 C:/ENVIRO~1/ARM-NO~1/133167~1.3RE/bin/../lib/gcc/arm-none-eabi/13.3.1/thumb/v7-m/nofp/crtbegin.o
                0x20000028                        . = ALIGN (0x4)

.bss            0x20000028      0x2a8 load address 0x08003388
                0x20000028                        _sbss = .
                0x20000028                        __bss_start__ = _sbss
 *(.bss)
 *(.bss*)
 .bss.completed.1
                0x20000028        0x1 C:/ENVIRO~1/ARM-NO~1/133167~1.3RE/bin/../lib/gcc/arm-none-eabi/13.3.1/thumb/v7-m/nofp/crtbegin.o
 *fill*         0x20000029        0x3 
 .bss.object.0  0x2000002c       0x18 C:/ENVIRO~1/ARM-NO~1/133167~1.3RE/bin/../lib/gcc/arm-none-eabi/13.3.1/thumb/v7-m/nofp/crtbegin.o
 .bss.hi2c1     0x20000044       0x54 CMakeFiles/project1.elf.dir/Core/Src/i2c.c.obj
                0x20000044                hi2c1
 .bss.keyflag   0x20000098        0x4 CMakeFiles/project1.elf.dir/Core/Src/main.c.obj
                0x20000098                keyflag
 .bss.password  0x2000009c        0x4 CMakeFiles/project1.elf.dir/Core/Src/main.c.obj
                0x2000009c                password
 .bss.keynum    0x200000a0        0x4 CMakeFiles/project1.elf.dir/Core/Src/main.c.obj
                0x200000a0                keynum
 .bss.htim3     0x200000a4       0x48 CMakeFiles/project1.elf.dir/Core/Src/tim.c.obj
                0x200000a4                htim3
 .bss.htim2     0x200000ec       0x48 CMakeFiles/project1.elf.dir/Core/Src/tim.c.obj
                0x200000ec                htim2
 .bss.uwTick    0x20000134        0x4 CMakeFiles/project1.elf.dir/Drivers/STM32F1xx_HAL_Driver/Src/stm32f1xx_hal.c.obj
                0x20000134                uwTick
 .bss.__lock___atexit_recursive_mutex
                0x20000138        0x1 C:/ENVIRO~1/ARM-NO~1/133167~1.3RE/bin/../lib/gcc/arm-none-eabi/13.3.1/thumb/v7-m/nofp\libg.a(libc_a-lock.o)
                0x20000138                __lock___atexit_recursive_mutex
 *fill*         0x20000139        0x3 
 .bss.__atexit  0x2000013c        0x4 C:/ENVIRO~1/ARM-NO~1/133167~1.3RE/bin/../lib/gcc/arm-none-eabi/13.3.1/thumb/v7-m/nofp\libg.a(libc_a-__call_atexit.o)
                0x2000013c                __atexit
 .bss.__atexit0
                0x20000140      0x190 C:/ENVIRO~1/ARM-NO~1/133167~1.3RE/bin/../lib/gcc/arm-none-eabi/13.3.1/thumb/v7-m/nofp\libg.a(libc_a-__atexit.o)
                0x20000140                __atexit0
 *(COMMON)
                0x200002d0                        . = ALIGN (0x4)
                0x200002d0                        _ebss = .
                0x200002d0                        __bss_end__ = _ebss

._user_heap_stack
                0x200002d0      0x600 load address 0x08003388
                0x200002d0                        . = ALIGN (0x8)
                [!provide]                        PROVIDE (end = .)
                0x200002d0                        PROVIDE (_end = .)
                0x200004d0                        . = (. + _Min_Heap_Size)
 *fill*         0x200002d0      0x200 
                0x200008d0                        . = (. + _Min_Stack_Size)
 *fill*         0x200004d0      0x400 
                0x200008d0                        . = ALIGN (0x8)

/DISCARD/
 libc.a(*)
 libm.a(*)
 libgcc.a(*)

.ARM.attributes
                0x00000000       0x29
 *(.ARM.attributes)
 .ARM.attributes
                0x00000000       0x1d C:/ENVIRO~1/ARM-NO~1/133167~1.3RE/bin/../lib/gcc/arm-none-eabi/13.3.1/thumb/v7-m/nofp/crti.o
 .ARM.attributes
                0x0000001d       0x2d C:/ENVIRO~1/ARM-NO~1/133167~1.3RE/bin/../lib/gcc/arm-none-eabi/13.3.1/thumb/v7-m/nofp/crtbegin.o
 .ARM.attributes
                0x0000004a       0x2d CMakeFiles/project1.elf.dir/Core/Src/OLED.c.obj
 .ARM.attributes
                0x00000077       0x2d CMakeFiles/project1.elf.dir/Core/Src/gpio.c.obj
 .ARM.attributes
                0x000000a4       0x2d CMakeFiles/project1.elf.dir/Core/Src/i2c.c.obj
 .ARM.attributes
                0x000000d1       0x2d CMakeFiles/project1.elf.dir/Core/Src/main.c.obj
 .ARM.attributes
                0x000000fe       0x2d CMakeFiles/project1.elf.dir/Core/Src/oledfont.c.obj
 .ARM.attributes
                0x0000012b       0x2d CMakeFiles/project1.elf.dir/Core/Src/stm32f1xx_hal_msp.c.obj
 .ARM.attributes
                0x00000158       0x2d CMakeFiles/project1.elf.dir/Core/Src/stm32f1xx_it.c.obj
 .ARM.attributes
                0x00000185       0x2d CMakeFiles/project1.elf.dir/Core/Src/system_stm32f1xx.c.obj
 .ARM.attributes
                0x000001b2       0x2d CMakeFiles/project1.elf.dir/Core/Src/tim.c.obj
 .ARM.attributes
                0x000001df       0x21 CMakeFiles/project1.elf.dir/Core/Startup/startup_stm32f103c8tx.s.obj
 .ARM.attributes
                0x00000200       0x2d CMakeFiles/project1.elf.dir/Drivers/STM32F1xx_HAL_Driver/Src/stm32f1xx_hal.c.obj
 .ARM.attributes
                0x0000022d       0x2d CMakeFiles/project1.elf.dir/Drivers/STM32F1xx_HAL_Driver/Src/stm32f1xx_hal_cortex.c.obj
 .ARM.attributes
                0x0000025a       0x2d CMakeFiles/project1.elf.dir/Drivers/STM32F1xx_HAL_Driver/Src/stm32f1xx_hal_gpio.c.obj
 .ARM.attributes
                0x00000287       0x2d CMakeFiles/project1.elf.dir/Drivers/STM32F1xx_HAL_Driver/Src/stm32f1xx_hal_i2c.c.obj
 .ARM.attributes
                0x000002b4       0x2d CMakeFiles/project1.elf.dir/Drivers/STM32F1xx_HAL_Driver/Src/stm32f1xx_hal_rcc.c.obj
 .ARM.attributes
                0x000002e1       0x2d CMakeFiles/project1.elf.dir/Drivers/STM32F1xx_HAL_Driver/Src/stm32f1xx_hal_tim.c.obj
 .ARM.attributes
                0x0000030e       0x2d CMakeFiles/project1.elf.dir/Drivers/STM32F1xx_HAL_Driver/Src/stm32f1xx_hal_tim_ex.c.obj
 .ARM.attributes
                0x0000033b       0x2d C:/ENVIRO~1/ARM-NO~1/133167~1.3RE/bin/../lib/gcc/arm-none-eabi/13.3.1/thumb/v7-m/nofp\libg.a(libc_a-memset.o)
 .ARM.attributes
                0x00000368       0x2d C:/ENVIRO~1/ARM-NO~1/133167~1.3RE/bin/../lib/gcc/arm-none-eabi/13.3.1/thumb/v7-m/nofp\libg.a(libc_a-init.o)
 .ARM.attributes
                0x00000395       0x2d C:/ENVIRO~1/ARM-NO~1/133167~1.3RE/bin/../lib/gcc/arm-none-eabi/13.3.1/thumb/v7-m/nofp\libg.a(libc_a-lock.o)
 .ARM.attributes
                0x000003c2       0x2d C:/ENVIRO~1/ARM-NO~1/133167~1.3RE/bin/../lib/gcc/arm-none-eabi/13.3.1/thumb/v7-m/nofp\libg.a(libc_a-__call_atexit.o)
 .ARM.attributes
                0x000003ef       0x2d C:/ENVIRO~1/ARM-NO~1/133167~1.3RE/bin/../lib/gcc/arm-none-eabi/13.3.1/thumb/v7-m/nofp\libg.a(libc_a-atexit.o)
 .ARM.attributes
                0x0000041c       0x2d C:/ENVIRO~1/ARM-NO~1/133167~1.3RE/bin/../lib/gcc/arm-none-eabi/13.3.1/thumb/v7-m/nofp\libg.a(libc_a-fini.o)
 .ARM.attributes
                0x00000449       0x2d C:/ENVIRO~1/ARM-NO~1/133167~1.3RE/bin/../lib/gcc/arm-none-eabi/13.3.1/thumb/v7-m/nofp\libg.a(libc_a-__atexit.o)
 .ARM.attributes
                0x00000476       0x2d C:/ENVIRO~1/ARM-NO~1/133167~1.3RE/bin/../lib/gcc/arm-none-eabi/13.3.1/thumb/v7-m/nofp/crtend.o
 .ARM.attributes
                0x000004a3       0x1d C:/ENVIRO~1/ARM-NO~1/133167~1.3RE/bin/../lib/gcc/arm-none-eabi/13.3.1/thumb/v7-m/nofp/crtn.o
OUTPUT(project1.elf elf32-littlearm)
LOAD linker stubs
LOAD C:/ENVIRO~1/ARM-NO~1/133167~1.3RE/bin/../lib/gcc/arm-none-eabi/13.3.1/thumb/v7-m/nofp\libc.a
LOAD C:/ENVIRO~1/ARM-NO~1/133167~1.3RE/bin/../lib/gcc/arm-none-eabi/13.3.1/thumb/v7-m/nofp\libm.a
LOAD C:/ENVIRO~1/ARM-NO~1/133167~1.3RE/bin/../lib/gcc/arm-none-eabi/13.3.1/thumb/v7-m/nofp\libgcc.a

.debug_info     0x00000000    0x10587
 .debug_info    0x00000000     0x1474 CMakeFiles/project1.elf.dir/Core/Src/OLED.c.obj
 .debug_info    0x00001474      0x37b CMakeFiles/project1.elf.dir/Core/Src/gpio.c.obj
 .debug_info    0x000017ef      0x8f5 CMakeFiles/project1.elf.dir/Core/Src/i2c.c.obj
 .debug_info    0x000020e4     0x1e0d CMakeFiles/project1.elf.dir/Core/Src/main.c.obj
 .debug_info    0x00003ef1      0x146 CMakeFiles/project1.elf.dir/Core/Src/oledfont.c.obj
 .debug_info    0x00004037      0x1f4 CMakeFiles/project1.elf.dir/Core/Src/stm32f1xx_hal_msp.c.obj
 .debug_info    0x0000422b      0x11d CMakeFiles/project1.elf.dir/Core/Src/stm32f1xx_it.c.obj
 .debug_info    0x00004348      0x22d CMakeFiles/project1.elf.dir/Core/Src/system_stm32f1xx.c.obj
 .debug_info    0x00004575      0xbd6 CMakeFiles/project1.elf.dir/Core/Src/tim.c.obj
 .debug_info    0x0000514b       0x30 CMakeFiles/project1.elf.dir/Core/Startup/startup_stm32f103c8tx.s.obj
 .debug_info    0x0000517b      0x7a2 CMakeFiles/project1.elf.dir/Drivers/STM32F1xx_HAL_Driver/Src/stm32f1xx_hal.c.obj
 .debug_info    0x0000591d      0xcd9 CMakeFiles/project1.elf.dir/Drivers/STM32F1xx_HAL_Driver/Src/stm32f1xx_hal_cortex.c.obj
 .debug_info    0x000065f6      0x604 CMakeFiles/project1.elf.dir/Drivers/STM32F1xx_HAL_Driver/Src/stm32f1xx_hal_gpio.c.obj
 .debug_info    0x00006bfa     0x390b CMakeFiles/project1.elf.dir/Drivers/STM32F1xx_HAL_Driver/Src/stm32f1xx_hal_i2c.c.obj
 .debug_info    0x0000a505      0x9c7 CMakeFiles/project1.elf.dir/Drivers/STM32F1xx_HAL_Driver/Src/stm32f1xx_hal_rcc.c.obj
 .debug_info    0x0000aecc     0x3c0f CMakeFiles/project1.elf.dir/Drivers/STM32F1xx_HAL_Driver/Src/stm32f1xx_hal_tim.c.obj
 .debug_info    0x0000eadb     0x1aac CMakeFiles/project1.elf.dir/Drivers/STM32F1xx_HAL_Driver/Src/stm32f1xx_hal_tim_ex.c.obj

.debug_abbrev   0x00000000     0x208f
 .debug_abbrev  0x00000000      0x2f3 CMakeFiles/project1.elf.dir/Core/Src/OLED.c.obj
 .debug_abbrev  0x000002f3      0x151 CMakeFiles/project1.elf.dir/Core/Src/gpio.c.obj
 .debug_abbrev  0x00000444      0x221 CMakeFiles/project1.elf.dir/Core/Src/i2c.c.obj
 .debug_abbrev  0x00000665      0x2b6 CMakeFiles/project1.elf.dir/Core/Src/main.c.obj
 .debug_abbrev  0x0000091b       0x7b CMakeFiles/project1.elf.dir/Core/Src/oledfont.c.obj
 .debug_abbrev  0x00000996       0xed CMakeFiles/project1.elf.dir/Core/Src/stm32f1xx_hal_msp.c.obj
 .debug_abbrev  0x00000a83       0x7c CMakeFiles/project1.elf.dir/Core/Src/stm32f1xx_it.c.obj
 .debug_abbrev  0x00000aff      0x143 CMakeFiles/project1.elf.dir/Core/Src/system_stm32f1xx.c.obj
 .debug_abbrev  0x00000c42      0x25c CMakeFiles/project1.elf.dir/Core/Src/tim.c.obj
 .debug_abbrev  0x00000e9e       0x24 CMakeFiles/project1.elf.dir/Core/Startup/startup_stm32f103c8tx.s.obj
 .debug_abbrev  0x00000ec2      0x22d CMakeFiles/project1.elf.dir/Drivers/STM32F1xx_HAL_Driver/Src/stm32f1xx_hal.c.obj
 .debug_abbrev  0x000010ef      0x36d CMakeFiles/project1.elf.dir/Drivers/STM32F1xx_HAL_Driver/Src/stm32f1xx_hal_cortex.c.obj
 .debug_abbrev  0x0000145c      0x1f7 CMakeFiles/project1.elf.dir/Drivers/STM32F1xx_HAL_Driver/Src/stm32f1xx_hal_gpio.c.obj
 .debug_abbrev  0x00001653      0x2be CMakeFiles/project1.elf.dir/Drivers/STM32F1xx_HAL_Driver/Src/stm32f1xx_hal_i2c.c.obj
 .debug_abbrev  0x00001911      0x2a0 CMakeFiles/project1.elf.dir/Drivers/STM32F1xx_HAL_Driver/Src/stm32f1xx_hal_rcc.c.obj
 .debug_abbrev  0x00001bb1      0x270 CMakeFiles/project1.elf.dir/Drivers/STM32F1xx_HAL_Driver/Src/stm32f1xx_hal_tim.c.obj
 .debug_abbrev  0x00001e21      0x26e CMakeFiles/project1.elf.dir/Drivers/STM32F1xx_HAL_Driver/Src/stm32f1xx_hal_tim_ex.c.obj

.debug_loclists
                0x00000000     0x9539
 .debug_loclists
                0x00000000      0x8d1 CMakeFiles/project1.elf.dir/Core/Src/OLED.c.obj
 .debug_loclists
                0x000008d1       0x86 CMakeFiles/project1.elf.dir/Core/Src/i2c.c.obj
 .debug_loclists
                0x00000957       0x40 CMakeFiles/project1.elf.dir/Core/Src/main.c.obj
 .debug_loclists
                0x00000997       0x17 CMakeFiles/project1.elf.dir/Core/Src/stm32f1xx_hal_msp.c.obj
 .debug_loclists
                0x000009ae       0xb7 CMakeFiles/project1.elf.dir/Core/Src/system_stm32f1xx.c.obj
 .debug_loclists
                0x00000a65       0x40 CMakeFiles/project1.elf.dir/Core/Src/tim.c.obj
 .debug_loclists
                0x00000aa5       0xe1 CMakeFiles/project1.elf.dir/Drivers/STM32F1xx_HAL_Driver/Src/stm32f1xx_hal.c.obj
 .debug_loclists
                0x00000b86      0x530 CMakeFiles/project1.elf.dir/Drivers/STM32F1xx_HAL_Driver/Src/stm32f1xx_hal_cortex.c.obj
 .debug_loclists
                0x000010b6      0x318 CMakeFiles/project1.elf.dir/Drivers/STM32F1xx_HAL_Driver/Src/stm32f1xx_hal_gpio.c.obj
 .debug_loclists
                0x000013ce     0x31ca CMakeFiles/project1.elf.dir/Drivers/STM32F1xx_HAL_Driver/Src/stm32f1xx_hal_i2c.c.obj
 .debug_loclists
                0x00004598      0x42e CMakeFiles/project1.elf.dir/Drivers/STM32F1xx_HAL_Driver/Src/stm32f1xx_hal_rcc.c.obj
 .debug_loclists
                0x000049c6     0x37db CMakeFiles/project1.elf.dir/Drivers/STM32F1xx_HAL_Driver/Src/stm32f1xx_hal_tim.c.obj
 .debug_loclists
                0x000081a1     0x1398 CMakeFiles/project1.elf.dir/Drivers/STM32F1xx_HAL_Driver/Src/stm32f1xx_hal_tim_ex.c.obj

.debug_aranges  0x00000000      0xcd0
 .debug_aranges
                0x00000000       0xb8 CMakeFiles/project1.elf.dir/Core/Src/OLED.c.obj
 .debug_aranges
                0x000000b8       0x20 CMakeFiles/project1.elf.dir/Core/Src/gpio.c.obj
 .debug_aranges
                0x000000d8       0x30 CMakeFiles/project1.elf.dir/Core/Src/i2c.c.obj
 .debug_aranges
                0x00000108       0x38 CMakeFiles/project1.elf.dir/Core/Src/main.c.obj
 .debug_aranges
                0x00000140       0x18 CMakeFiles/project1.elf.dir/Core/Src/oledfont.c.obj
 .debug_aranges
                0x00000158       0x20 CMakeFiles/project1.elf.dir/Core/Src/stm32f1xx_hal_msp.c.obj
 .debug_aranges
                0x00000178       0x60 CMakeFiles/project1.elf.dir/Core/Src/stm32f1xx_it.c.obj
 .debug_aranges
                0x000001d8       0x28 CMakeFiles/project1.elf.dir/Core/Src/system_stm32f1xx.c.obj
 .debug_aranges
                0x00000200       0x40 CMakeFiles/project1.elf.dir/Core/Src/tim.c.obj
 .debug_aranges
                0x00000240       0x28 CMakeFiles/project1.elf.dir/Core/Startup/startup_stm32f103c8tx.s.obj
 .debug_aranges
                0x00000268       0xe0 CMakeFiles/project1.elf.dir/Drivers/STM32F1xx_HAL_Driver/Src/stm32f1xx_hal.c.obj
 .debug_aranges
                0x00000348       0xc0 CMakeFiles/project1.elf.dir/Drivers/STM32F1xx_HAL_Driver/Src/stm32f1xx_hal_cortex.c.obj
 .debug_aranges
                0x00000408       0x58 CMakeFiles/project1.elf.dir/Drivers/STM32F1xx_HAL_Driver/Src/stm32f1xx_hal_gpio.c.obj
 .debug_aranges
                0x00000460      0x2a8 CMakeFiles/project1.elf.dir/Drivers/STM32F1xx_HAL_Driver/Src/stm32f1xx_hal_i2c.c.obj
 .debug_aranges
                0x00000708       0x90 CMakeFiles/project1.elf.dir/Drivers/STM32F1xx_HAL_Driver/Src/stm32f1xx_hal_rcc.c.obj
 .debug_aranges
                0x00000798      0x3d0 CMakeFiles/project1.elf.dir/Drivers/STM32F1xx_HAL_Driver/Src/stm32f1xx_hal_tim.c.obj
 .debug_aranges
                0x00000b68      0x168 CMakeFiles/project1.elf.dir/Drivers/STM32F1xx_HAL_Driver/Src/stm32f1xx_hal_tim_ex.c.obj

.debug_rnglists
                0x00000000      0x9d0
 .debug_rnglists
                0x00000000       0x89 CMakeFiles/project1.elf.dir/Core/Src/OLED.c.obj
 .debug_rnglists
                0x00000089       0x14 CMakeFiles/project1.elf.dir/Core/Src/gpio.c.obj
 .debug_rnglists
                0x0000009d       0x1f CMakeFiles/project1.elf.dir/Core/Src/i2c.c.obj
 .debug_rnglists
                0x000000bc       0x26 CMakeFiles/project1.elf.dir/Core/Src/main.c.obj
 .debug_rnglists
                0x000000e2       0x13 CMakeFiles/project1.elf.dir/Core/Src/stm32f1xx_hal_msp.c.obj
 .debug_rnglists
                0x000000f5       0x43 CMakeFiles/project1.elf.dir/Core/Src/stm32f1xx_it.c.obj
 .debug_rnglists
                0x00000138       0x1a CMakeFiles/project1.elf.dir/Core/Src/system_stm32f1xx.c.obj
 .debug_rnglists
                0x00000152       0x2c CMakeFiles/project1.elf.dir/Core/Src/tim.c.obj
 .debug_rnglists
                0x0000017e       0x19 CMakeFiles/project1.elf.dir/Core/Startup/startup_stm32f103c8tx.s.obj
 .debug_rnglists
                0x00000197       0xa3 CMakeFiles/project1.elf.dir/Drivers/STM32F1xx_HAL_Driver/Src/stm32f1xx_hal.c.obj
 .debug_rnglists
                0x0000023a       0x8b CMakeFiles/project1.elf.dir/Drivers/STM32F1xx_HAL_Driver/Src/stm32f1xx_hal_cortex.c.obj
 .debug_rnglists
                0x000002c5       0x3f CMakeFiles/project1.elf.dir/Drivers/STM32F1xx_HAL_Driver/Src/stm32f1xx_hal_gpio.c.obj
 .debug_rnglists
                0x00000304      0x236 CMakeFiles/project1.elf.dir/Drivers/STM32F1xx_HAL_Driver/Src/stm32f1xx_hal_i2c.c.obj
 .debug_rnglists
                0x0000053a       0x7d CMakeFiles/project1.elf.dir/Drivers/STM32F1xx_HAL_Driver/Src/stm32f1xx_hal_rcc.c.obj
 .debug_rnglists
                0x000005b7      0x2ff CMakeFiles/project1.elf.dir/Drivers/STM32F1xx_HAL_Driver/Src/stm32f1xx_hal_tim.c.obj
 .debug_rnglists
                0x000008b6      0x11a CMakeFiles/project1.elf.dir/Drivers/STM32F1xx_HAL_Driver/Src/stm32f1xx_hal_tim_ex.c.obj

.debug_line     0x00000000     0xfdd8
 .debug_line    0x00000000      0x976 CMakeFiles/project1.elf.dir/Core/Src/OLED.c.obj
 .debug_line    0x00000976      0x2b1 CMakeFiles/project1.elf.dir/Core/Src/gpio.c.obj
 .debug_line    0x00000c27      0x3b3 CMakeFiles/project1.elf.dir/Core/Src/i2c.c.obj
 .debug_line    0x00000fda      0x93c CMakeFiles/project1.elf.dir/Core/Src/main.c.obj
 .debug_line    0x00001916       0x83 CMakeFiles/project1.elf.dir/Core/Src/oledfont.c.obj
 .debug_line    0x00001999      0x1c1 CMakeFiles/project1.elf.dir/Core/Src/stm32f1xx_hal_msp.c.obj
 .debug_line    0x00001b5a      0x1bf CMakeFiles/project1.elf.dir/Core/Src/stm32f1xx_it.c.obj
 .debug_line    0x00001d19      0x289 CMakeFiles/project1.elf.dir/Core/Src/system_stm32f1xx.c.obj
 .debug_line    0x00001fa2      0x527 CMakeFiles/project1.elf.dir/Core/Src/tim.c.obj
 .debug_line    0x000024c9       0x78 CMakeFiles/project1.elf.dir/Core/Startup/startup_stm32f103c8tx.s.obj
 .debug_line    0x00002541      0x5f4 CMakeFiles/project1.elf.dir/Drivers/STM32F1xx_HAL_Driver/Src/stm32f1xx_hal.c.obj
 .debug_line    0x00002b35      0x72c CMakeFiles/project1.elf.dir/Drivers/STM32F1xx_HAL_Driver/Src/stm32f1xx_hal_cortex.c.obj
 .debug_line    0x00003261      0x655 CMakeFiles/project1.elf.dir/Drivers/STM32F1xx_HAL_Driver/Src/stm32f1xx_hal_gpio.c.obj
 .debug_line    0x000038b6     0x570e CMakeFiles/project1.elf.dir/Drivers/STM32F1xx_HAL_Driver/Src/stm32f1xx_hal_i2c.c.obj
 .debug_line    0x00008fc4      0xd2f CMakeFiles/project1.elf.dir/Drivers/STM32F1xx_HAL_Driver/Src/stm32f1xx_hal_rcc.c.obj
 .debug_line    0x00009cf3     0x4674 CMakeFiles/project1.elf.dir/Drivers/STM32F1xx_HAL_Driver/Src/stm32f1xx_hal_tim.c.obj
 .debug_line    0x0000e367     0x1a71 CMakeFiles/project1.elf.dir/Drivers/STM32F1xx_HAL_Driver/Src/stm32f1xx_hal_tim_ex.c.obj

.debug_str      0x00000000     0x3e4e
 .debug_str     0x00000000     0x3e4e CMakeFiles/project1.elf.dir/Core/Src/OLED.c.obj
                                0x8ef (size before relaxing)
 .debug_str     0x00003e4e      0x2fb CMakeFiles/project1.elf.dir/Core/Src/gpio.c.obj
 .debug_str     0x00003e4e      0x7e4 CMakeFiles/project1.elf.dir/Core/Src/i2c.c.obj
 .debug_str     0x00003e4e      0x9fa CMakeFiles/project1.elf.dir/Core/Src/main.c.obj
 .debug_str     0x00003e4e      0x18d CMakeFiles/project1.elf.dir/Core/Src/oledfont.c.obj
 .debug_str     0x00003e4e      0x28f CMakeFiles/project1.elf.dir/Core/Src/stm32f1xx_hal_msp.c.obj
 .debug_str     0x00003e4e      0x292 CMakeFiles/project1.elf.dir/Core/Src/stm32f1xx_it.c.obj
 .debug_str     0x00003e4e      0x2c4 CMakeFiles/project1.elf.dir/Core/Src/system_stm32f1xx.c.obj
 .debug_str     0x00003e4e      0x9b0 CMakeFiles/project1.elf.dir/Core/Src/tim.c.obj
 .debug_str     0x00003e4e       0xd5 CMakeFiles/project1.elf.dir/Core/Startup/startup_stm32f103c8tx.s.obj
 .debug_str     0x00003e4e      0x89e CMakeFiles/project1.elf.dir/Drivers/STM32F1xx_HAL_Driver/Src/stm32f1xx_hal.c.obj
 .debug_str     0x00003e4e      0x943 CMakeFiles/project1.elf.dir/Drivers/STM32F1xx_HAL_Driver/Src/stm32f1xx_hal_cortex.c.obj
 .debug_str     0x00003e4e      0x470 CMakeFiles/project1.elf.dir/Drivers/STM32F1xx_HAL_Driver/Src/stm32f1xx_hal_gpio.c.obj
 .debug_str     0x00003e4e     0x1035 CMakeFiles/project1.elf.dir/Drivers/STM32F1xx_HAL_Driver/Src/stm32f1xx_hal_i2c.c.obj
 .debug_str     0x00003e4e      0x69b CMakeFiles/project1.elf.dir/Drivers/STM32F1xx_HAL_Driver/Src/stm32f1xx_hal_rcc.c.obj
 .debug_str     0x00003e4e     0x16f5 CMakeFiles/project1.elf.dir/Drivers/STM32F1xx_HAL_Driver/Src/stm32f1xx_hal_tim.c.obj
 .debug_str     0x00003e4e      0xf01 CMakeFiles/project1.elf.dir/Drivers/STM32F1xx_HAL_Driver/Src/stm32f1xx_hal_tim_ex.c.obj

.comment        0x00000000       0x45
 .comment       0x00000000       0x45 CMakeFiles/project1.elf.dir/Core/Src/OLED.c.obj
                                 0x46 (size before relaxing)
 .comment       0x00000045       0x46 CMakeFiles/project1.elf.dir/Core/Src/gpio.c.obj
 .comment       0x00000045       0x46 CMakeFiles/project1.elf.dir/Core/Src/i2c.c.obj
 .comment       0x00000045       0x46 CMakeFiles/project1.elf.dir/Core/Src/main.c.obj
 .comment       0x00000045       0x46 CMakeFiles/project1.elf.dir/Core/Src/oledfont.c.obj
 .comment       0x00000045       0x46 CMakeFiles/project1.elf.dir/Core/Src/stm32f1xx_hal_msp.c.obj
 .comment       0x00000045       0x46 CMakeFiles/project1.elf.dir/Core/Src/stm32f1xx_it.c.obj
 .comment       0x00000045       0x46 CMakeFiles/project1.elf.dir/Core/Src/system_stm32f1xx.c.obj
 .comment       0x00000045       0x46 CMakeFiles/project1.elf.dir/Core/Src/tim.c.obj
 .comment       0x00000045       0x46 CMakeFiles/project1.elf.dir/Drivers/STM32F1xx_HAL_Driver/Src/stm32f1xx_hal.c.obj
 .comment       0x00000045       0x46 CMakeFiles/project1.elf.dir/Drivers/STM32F1xx_HAL_Driver/Src/stm32f1xx_hal_cortex.c.obj
 .comment       0x00000045       0x46 CMakeFiles/project1.elf.dir/Drivers/STM32F1xx_HAL_Driver/Src/stm32f1xx_hal_gpio.c.obj
 .comment       0x00000045       0x46 CMakeFiles/project1.elf.dir/Drivers/STM32F1xx_HAL_Driver/Src/stm32f1xx_hal_i2c.c.obj
 .comment       0x00000045       0x46 CMakeFiles/project1.elf.dir/Drivers/STM32F1xx_HAL_Driver/Src/stm32f1xx_hal_rcc.c.obj
 .comment       0x00000045       0x46 CMakeFiles/project1.elf.dir/Drivers/STM32F1xx_HAL_Driver/Src/stm32f1xx_hal_tim.c.obj
 .comment       0x00000045       0x46 CMakeFiles/project1.elf.dir/Drivers/STM32F1xx_HAL_Driver/Src/stm32f1xx_hal_tim_ex.c.obj

.debug_frame    0x00000000     0x2574
 .debug_frame   0x00000000      0x25c CMakeFiles/project1.elf.dir/Core/Src/OLED.c.obj
 .debug_frame   0x0000025c       0x38 CMakeFiles/project1.elf.dir/Core/Src/gpio.c.obj
 .debug_frame   0x00000294       0x60 CMakeFiles/project1.elf.dir/Core/Src/i2c.c.obj
 .debug_frame   0x000002f4       0x70 CMakeFiles/project1.elf.dir/Core/Src/main.c.obj
 .debug_frame   0x00000364       0x28 CMakeFiles/project1.elf.dir/Core/Src/stm32f1xx_hal_msp.c.obj
 .debug_frame   0x0000038c       0xa8 CMakeFiles/project1.elf.dir/Core/Src/stm32f1xx_it.c.obj
 .debug_frame   0x00000434       0x30 CMakeFiles/project1.elf.dir/Core/Src/system_stm32f1xx.c.obj
 .debug_frame   0x00000464       0x9c CMakeFiles/project1.elf.dir/Core/Src/tim.c.obj
 .debug_frame   0x00000500      0x1cc CMakeFiles/project1.elf.dir/Drivers/STM32F1xx_HAL_Driver/Src/stm32f1xx_hal.c.obj
 .debug_frame   0x000006cc      0x19c CMakeFiles/project1.elf.dir/Drivers/STM32F1xx_HAL_Driver/Src/stm32f1xx_hal_cortex.c.obj
 .debug_frame   0x00000868       0xe4 CMakeFiles/project1.elf.dir/Drivers/STM32F1xx_HAL_Driver/Src/stm32f1xx_hal_gpio.c.obj
 .debug_frame   0x0000094c      0x988 CMakeFiles/project1.elf.dir/Drivers/STM32F1xx_HAL_Driver/Src/stm32f1xx_hal_i2c.c.obj
 .debug_frame   0x000012d4      0x184 CMakeFiles/project1.elf.dir/Drivers/STM32F1xx_HAL_Driver/Src/stm32f1xx_hal_rcc.c.obj
 .debug_frame   0x00001458      0xb18 CMakeFiles/project1.elf.dir/Drivers/STM32F1xx_HAL_Driver/Src/stm32f1xx_hal_tim.c.obj
 .debug_frame   0x00001f70      0x418 CMakeFiles/project1.elf.dir/Drivers/STM32F1xx_HAL_Driver/Src/stm32f1xx_hal_tim_ex.c.obj
 .debug_frame   0x00002388       0x2c C:/ENVIRO~1/ARM-NO~1/133167~1.3RE/bin/../lib/gcc/arm-none-eabi/13.3.1/thumb/v7-m/nofp\libg.a(libc_a-memset.o)
 .debug_frame   0x000023b4       0x2c C:/ENVIRO~1/ARM-NO~1/133167~1.3RE/bin/../lib/gcc/arm-none-eabi/13.3.1/thumb/v7-m/nofp\libg.a(libc_a-init.o)
 .debug_frame   0x000023e0       0xb0 C:/ENVIRO~1/ARM-NO~1/133167~1.3RE/bin/../lib/gcc/arm-none-eabi/13.3.1/thumb/v7-m/nofp\libg.a(libc_a-lock.o)
 .debug_frame   0x00002490       0x5c C:/ENVIRO~1/ARM-NO~1/133167~1.3RE/bin/../lib/gcc/arm-none-eabi/13.3.1/thumb/v7-m/nofp\libg.a(libc_a-__call_atexit.o)
 .debug_frame   0x000024ec       0x20 C:/ENVIRO~1/ARM-NO~1/133167~1.3RE/bin/../lib/gcc/arm-none-eabi/13.3.1/thumb/v7-m/nofp\libg.a(libc_a-atexit.o)
 .debug_frame   0x0000250c       0x34 C:/ENVIRO~1/ARM-NO~1/133167~1.3RE/bin/../lib/gcc/arm-none-eabi/13.3.1/thumb/v7-m/nofp\libg.a(libc_a-fini.o)
 .debug_frame   0x00002540       0x34 C:/ENVIRO~1/ARM-NO~1/133167~1.3RE/bin/../lib/gcc/arm-none-eabi/13.3.1/thumb/v7-m/nofp\libg.a(libc_a-__atexit.o)

.debug_line_str
                0x00000000       0xb9
 .debug_line_str
                0x00000000       0xb9 CMakeFiles/project1.elf.dir/Core/Startup/startup_stm32f103c8tx.s.obj
